
> migma-lp@0.0.0 build
> tsc -b && vite build

src/components/global-partner/CTASection.tsx(1,8): error TS6133: 'React' is declared but its value is never read.
src/components/global-partner/GlobalPartnerFooter.tsx(1,1): error TS6133: 'React' is declared but its value is never read.
src/components/global-partner/GlobalPartnerFooter.tsx(9,37): error TS6133: 'scrollToForm' is declared but its value is never read.
src/components/global-partner/services.ts(2,10): error TS1484: 'ApplicationData' is a type and must be imported using a type-only import when 'verbatimModuleSyntax' is enabled.
